Archive member included to satisfy reference by file (symbol)

/home/maciej/st/stm32cubeide_1.9.0_2/plugins/com.st.stm32cube.ide.mcu.externaltools.gnu-tools-for-stm32.10.3-2021.10.linux64_1.0.0.202111181127/tools/bin/../lib/gcc/arm-none-eabi/10.3.1/../../../../arm-none-eabi/lib/thumb/v7e-m+fp/hard/libc_nano.a(lib_a-errno.o)
                              ./Core/Src/syscalls.o (__errno)
/home/maciej/st/stm32cubeide_1.9.0_2/plugins/com.st.stm32cube.ide.mcu.externaltools.gnu-tools-for-stm32.10.3-2021.10.linux64_1.0.0.202111181127/tools/bin/../lib/gcc/arm-none-eabi/10.3.1/../../../../arm-none-eabi/lib/thumb/v7e-m+fp/hard/libc_nano.a(lib_a-exit.o)
                              /home/maciej/st/stm32cubeide_1.9.0_2/plugins/com.st.stm32cube.ide.mcu.externaltools.gnu-tools-for-stm32.10.3-2021.10.linux64_1.0.0.202111181127/tools/bin/../lib/gcc/arm-none-eabi/10.3.1/../../../../arm-none-eabi/lib/thumb/v7e-m+fp/hard/crt0.o (exit)
/home/maciej/st/stm32cubeide_1.9.0_2/plugins/com.st.stm32cube.ide.mcu.externaltools.gnu-tools-for-stm32.10.3-2021.10.linux64_1.0.0.202111181127/tools/bin/../lib/gcc/arm-none-eabi/10.3.1/../../../../arm-none-eabi/lib/thumb/v7e-m+fp/hard/libc_nano.a(lib_a-impure.o)
                              /home/maciej/st/stm32cubeide_1.9.0_2/plugins/com.st.stm32cube.ide.mcu.externaltools.gnu-tools-for-stm32.10.3-2021.10.linux64_1.0.0.202111181127/tools/bin/../lib/gcc/arm-none-eabi/10.3.1/../../../../arm-none-eabi/lib/thumb/v7e-m+fp/hard/libc_nano.a(lib_a-exit.o) (_global_impure_ptr)
/home/maciej/st/stm32cubeide_1.9.0_2/plugins/com.st.stm32cube.ide.mcu.externaltools.gnu-tools-for-stm32.10.3-2021.10.linux64_1.0.0.202111181127/tools/bin/../lib/gcc/arm-none-eabi/10.3.1/../../../../arm-none-eabi/lib/thumb/v7e-m+fp/hard/libc_nano.a(lib_a-init.o)
                              /home/maciej/st/stm32cubeide_1.9.0_2/plugins/com.st.stm32cube.ide.mcu.externaltools.gnu-tools-for-stm32.10.3-2021.10.linux64_1.0.0.202111181127/tools/bin/../lib/gcc/arm-none-eabi/10.3.1/../../../../arm-none-eabi/lib/thumb/v7e-m+fp/hard/crt0.o (__libc_init_array)
/home/maciej/st/stm32cubeide_1.9.0_2/plugins/com.st.stm32cube.ide.mcu.externaltools.gnu-tools-for-stm32.10.3-2021.10.linux64_1.0.0.202111181127/tools/bin/../lib/gcc/arm-none-eabi/10.3.1/../../../../arm-none-eabi/lib/thumb/v7e-m+fp/hard/libc_nano.a(lib_a-memset.o)
                              /home/maciej/st/stm32cubeide_1.9.0_2/plugins/com.st.stm32cube.ide.mcu.externaltools.gnu-tools-for-stm32.10.3-2021.10.linux64_1.0.0.202111181127/tools/bin/../lib/gcc/arm-none-eabi/10.3.1/../../../../arm-none-eabi/lib/thumb/v7e-m+fp/hard/crt0.o (memset)
/home/maciej/st/stm32cubeide_1.9.0_2/plugins/com.st.stm32cube.ide.mcu.externaltools.gnu-tools-for-stm32.10.3-2021.10.linux64_1.0.0.202111181127/tools/bin/../lib/gcc/arm-none-eabi/10.3.1/../../../../arm-none-eabi/lib/thumb/v7e-m+fp/hard/libm.a(lib_a-s_atan.o)
                              ./Core/Src/geometrik.o (atan)
/home/maciej/st/stm32cubeide_1.9.0_2/plugins/com.st.stm32cube.ide.mcu.externaltools.gnu-tools-for-stm32.10.3-2021.10.linux64_1.0.0.202111181127/tools/bin/../lib/gcc/arm-none-eabi/10.3.1/../../../../arm-none-eabi/lib/thumb/v7e-m+fp/hard/libm.a(lib_a-s_cos.o)
                              ./Core/Src/geometrik.o (cos)
/home/maciej/st/stm32cubeide_1.9.0_2/plugins/com.st.stm32cube.ide.mcu.externaltools.gnu-tools-for-stm32.10.3-2021.10.linux64_1.0.0.202111181127/tools/bin/../lib/gcc/arm-none-eabi/10.3.1/../../../../arm-none-eabi/lib/thumb/v7e-m+fp/hard/libm.a(lib_a-s_fabs.o)
                              /home/maciej/st/stm32cubeide_1.9.0_2/plugins/com.st.stm32cube.ide.mcu.externaltools.gnu-tools-for-stm32.10.3-2021.10.linux64_1.0.0.202111181127/tools/bin/../lib/gcc/arm-none-eabi/10.3.1/../../../../arm-none-eabi/lib/thumb/v7e-m+fp/hard/libm.a(lib_a-s_atan.o) (fabs)
/home/maciej/st/stm32cubeide_1.9.0_2/plugins/com.st.stm32cube.ide.mcu.externaltools.gnu-tools-for-stm32.10.3-2021.10.linux64_1.0.0.202111181127/tools/bin/../lib/gcc/arm-none-eabi/10.3.1/../../../../arm-none-eabi/lib/thumb/v7e-m+fp/hard/libm.a(lib_a-s_sin.o)
                              ./Core/Src/geometrik.o (sin)
/home/maciej/st/stm32cubeide_1.9.0_2/plugins/com.st.stm32cube.ide.mcu.externaltools.gnu-tools-for-stm32.10.3-2021.10.linux64_1.0.0.202111181127/tools/bin/../lib/gcc/arm-none-eabi/10.3.1/../../../../arm-none-eabi/lib/thumb/v7e-m+fp/hard/libm.a(lib_a-w_acos.o)
                              ./Core/Src/geometrik.o (acos)
/home/maciej/st/stm32cubeide_1.9.0_2/plugins/com.st.stm32cube.ide.mcu.externaltools.gnu-tools-for-stm32.10.3-2021.10.linux64_1.0.0.202111181127/tools/bin/../lib/gcc/arm-none-eabi/10.3.1/../../../../arm-none-eabi/lib/thumb/v7e-m+fp/hard/libm.a(lib_a-e_acos.o)
                              /home/maciej/st/stm32cubeide_1.9.0_2/plugins/com.st.stm32cube.ide.mcu.externaltools.gnu-tools-for-stm32.10.3-2021.10.linux64_1.0.0.202111181127/tools/bin/../lib/gcc/arm-none-eabi/10.3.1/../../../../arm-none-eabi/lib/thumb/v7e-m+fp/hard/libm.a(lib_a-w_acos.o) (__ieee754_acos)
[...]
Memory Configuration

Name             Origin             Length             Attributes
RAM              0x0000000020000000 0x0000000000018000 xrw
RAM2             0x0000000010000000 0x0000000000008000 xrw
FLASH            0x0000000008000000 0x0000000000100000 xr
*default*        0x0000000000000000 0xffffffffffffffff

Linker script and memory map

LOAD /home/maciej/st/stm32cubeide_1.9.0_2/plugins/com.st.stm32cube.ide.mcu.externaltools.gnu-tools-for-stm32.10.3-2021.10.linux64_1.0.0.202111181127/tools/bin/../lib/gcc/arm-none-eabi/10.3.1/thumb/v7e-m+fp/hard/crti.o
LOAD /home/maciej/st/stm32cubeide_1.9.0_2/plugins/com.st.stm32cube.ide.mcu.externaltools.gnu-tools-for-stm32.10.3-2021.10.linux64_1.0.0.202111181127/tools/bin/../lib/gcc/arm-none-eabi/10.3.1/thumb/v7e-m+fp/hard/crtbegin.o
LOAD /home/maciej/st/stm32cubeide_1.9.0_2/plugins/com.st.stm32cube.ide.mcu.externaltools.gnu-tools-for-stm32.10.3-2021.10.linux64_1.0.0.202111181127/tools/bin/../lib/gcc/arm-none-eabi/10.3.1/../../../../arm-none-eabi/lib/thumb/v7e-m+fp/hard/crt0.o
LOAD ./Core/Src/control_motro.o
LOAD ./Core/Src/dma.o
LOAD ./Core/Src/frame.o
LOAD ./Core/Src/geometrik.o
LOAD ./Core/Src/gpio.o
LOAD ./Core/Src/main.o
LOAD ./Core/Src/pid.o
LOAD ./Core/Src/stm32l4xx_hal_msp.o
LOAD ./Core/Src/stm32l4xx_it.o
LOAD ./Core/Src/syscalls.o
LOAD ./Core/Src/sysmem.o
LOAD ./Core/Src/system_stm32l4xx.o
LOAD ./Core/Src/tim.o
LOAD ./Core/Src/usart.o
LOAD ./Core/Startup/startup_stm32l476vgtx.o
LOAD ./Drivers/STM32L4xx_HAL_Driver/Src/stm32l4xx_hal.o
LOAD ./Drivers/STM32L4xx_HAL_Driver/Src/stm32l4xx_hal_cortex.o
LOAD ./Drivers/STM32L4xx_HAL_Driver/Src/stm32l4xx_hal_dma.o
LOAD ./Drivers/STM32L4xx_HAL_Driver/Src/stm32l4xx_hal_dma_ex.o
LOAD ./Drivers/STM32L4xx_HAL_Driver/Src/stm32l4xx_hal_exti.o
LOAD ./Drivers/STM32L4xx_HAL_Driver/Src/stm32l4xx_hal_flash.o
LOAD ./Drivers/STM32L4xx_HAL_Driver/Src/stm32l4xx_hal_flash_ex.o
LOAD ./Drivers/STM32L4xx_HAL_Driver/Src/stm32l4xx_hal_flash_ramfunc.o
LOAD ./Drivers/STM32L4xx_HAL_Driver/Src/stm32l4xx_hal_gpio.o
LOAD ./Drivers/STM32L4xx_HAL_Driver/Src/stm32l4xx_hal_i2c.o
LOAD ./Drivers/STM32L4xx_HAL_Driver/Src/stm32l4xx_hal_i2c_ex.o
LOAD ./Drivers/STM32L4xx_HAL_Driver/Src/stm32l4xx_hal_pwr.o
LOAD ./Drivers/STM32L4xx_HAL_Driver/Src/stm32l4xx_hal_pwr_ex.o
LOAD ./Drivers/STM32L4xx_HAL_Driver/Src/stm32l4xx_hal_rcc.o
LOAD ./Drivers/STM32L4xx_HAL_Driver/Src/stm32l4xx_hal_rcc_ex.o
LOAD ./Drivers/STM32L4xx_HAL_Driver/Src/stm32l4xx_hal_tim.o
LOAD ./Drivers/STM32L4xx_HAL_Driver/Src/stm32l4xx_hal_tim_ex.o
LOAD ./Drivers/STM32L4xx_HAL_Driver/Src/stm32l4xx_hal_uart.o
LOAD ./Drivers/STM32L4xx_HAL_Driver/Src/stm32l4xx_hal_uart_ex.o
START GROUP
LOAD /home/maciej/st/stm32cubeide_1.9.0_2/plugins/com.st.stm32cube.ide.mcu.externaltools.gnu-tools-for-stm32.10.3-2021.10.linux64_1.0.0.202111181127/tools/bin/../lib/gcc/arm-none-eabi/10.3.1/../../../../arm-none-eabi/lib/thumb/v7e-m+fp/hard/libc_nano.a
LOAD /home/maciej/st/stm32cubeide_1.9.0_2/plugins/com.st.stm32cube.ide.mcu.externaltools.gnu-tools-for-stm32.10.3-2021.10.linux64_1.0.0.202111181127/tools/bin/../lib/gcc/arm-none-eabi/10.3.1/../../../../arm-none-eabi/lib/thumb/v7e-m+fp/hard/libm.a
END GROUP
START GROUP
LOAD /home/maciej/st/stm32cubeide_1.9.0_2/plugins/com.st.stm32cube.ide.mcu.externaltools.gnu-tools-for-stm32.10.3-2021.10.linux64_1.0.0.202111181127/tools/bin/../lib/gcc/arm-none-eabi/10.3.1/thumb/v7e-m+fp/hard/libgcc.a
LOAD /home/maciej/st/stm32cubeide_1.9.0_2/plugins/com.st.stm32cube.ide.mcu.externaltools.gnu-tools-for-stm32.10.3-2021.10.linux64_1.0.0.202111181127/tools/bin/../lib/gcc/arm-none-eabi/10.3.1/../../../../arm-none-eabi/lib/thumb/v7e-m+fp/hard/libc_nano.a
END GROUP
START GROUP
LOAD /home/maciej/st/stm32cubeide_1.9.0_2/plugins/com.st.stm32cube.ide.mcu.externaltools.gnu-tools-for-stm32.10.3-2021.10.linux64_1.0.0.202111181127/tools/bin/../lib/gcc/arm-none-eabi/10.3.1/thumb/v7e-m+fp/hard/libgcc.a
LOAD /home/maciej/st/stm32cubeide_1.9.0_2/plugins/com.st.stm32cube.ide.mcu.externaltools.gnu-tools-for-stm32.10.3-2021.10.linux64_1.0.0.202111181127/tools/bin/../lib/gcc/arm-none-eabi/10.3.1/../../../../arm-none-eabi/lib/thumb/v7e-m+fp/hard/libc_nano.a
LOAD /home/maciej/st/stm32cubeide_1.9.0_2/plugins/com.st.stm32cube.ide.mcu.externaltools.gnu-tools-for-stm32.10.3-2021.10.linux64_1.0.0.202111181127/tools/bin/../lib/gcc/arm-none-eabi/10.3.1/../../../../arm-none-eabi/lib/thumb/v7e-m+fp/hard/libnosys.a
END GROUP
START GROUP
LOAD /home/maciej/st/stm32cubeide_1.9.0_2/plugins/com.st.stm32cube.ide.mcu.externaltools.gnu-tools-for-stm32.10.3-2021.10.linux64_1.0.0.202111181127/tools/bin/../lib/gcc/arm-none-eabi/10.3.1/thumb/v7e-m+fp/hard/libgcc.a
LOAD /home/maciej/st/stm32cubeide_1.9.0_2/plugins/com.st.stm32cube.ide.mcu.externaltools.gnu-tools-for-stm32.10.3-2021.10.linux64_1.0.0.202111181127/tools/bin/../lib/gcc/arm-none-eabi/10.3.1/../../../../arm-none-eabi/lib/thumb/v7e-m+fp/hard/libc_nano.a
LOAD /home/maciej/st/stm32cubeide_1.9.0_2/plugins/com.st.stm32cube.ide.mcu.externaltools.gnu-tools-for-stm32.10.3-2021.10.linux64_1.0.0.202111181127/tools/bin/../lib/gcc/arm-none-eabi/10.3.1/../../../../arm-none-eabi/lib/thumb/v7e-m+fp/hard/libnosys.a
END GROUP
LOAD /home/maciej/st/stm32cubeide_1.9.0_2/plugins/com.st.stm32cube.ide.mcu.externaltools.gnu-tools-for-stm32.10.3-2021.10.linux64_1.0.0.202111181127/tools/bin/../lib/gcc/arm-none-eabi/10.3.1/thumb/v7e-m+fp/hard/crtend.o
LOAD /home/maciej/st/stm32cubeide_1.9.0_2/plugins/com.st.stm32cube.ide.mcu.externaltools.gnu-tools-for-stm32.10.3-2021.10.linux64_1.0.0.202111181127/tools/bin/../lib/gcc/arm-none-eabi/10.3.1/thumb/v7e-m+fp/hard/crtn.o
                0x0000000020018000                _estack = (ORIGIN (RAM) + LENGTH (RAM))
                0x0000000000000200                _Min_Heap_Size = 0x200
                0x0000000000000400                _Min_Stack_Size = 0x400

.isr_vector     0x0000000008000000      0x188
                0x0000000008000000                . = ALIGN (0x4)
 *(.isr_vector)
 .isr_vector    0x0000000008000000      0x188 ./Core/Startup/startup_stm32l476vgtx.o
                0x0000000008000000                g_pfnVectors
                0x0000000008000188                . = ALIGN (0x4)

.text           0x0000000008000188     0x336c
                0x0000000008000188                . = ALIGN (0x4)
 *(.text)
 .text          0x0000000008000188       0x40 /home/maciej/st/stm32cubeide_1.9.0_2/plugins/com.st.stm32cube.ide.mcu.externaltools.gnu-tools-for-stm32.10.3-2021.10.linux64_1.0.0.202111181127/tools/bin/../lib/gcc/arm-none-eabi/10.3.1/thumb/v7e-m+fp/hard/crtbegin.o
 .text          0x00000000080001c8       0x30 /home/maciej/st/stm32cubeide_1.9.0_2/plugins/com.st.stm32cube.ide.mcu.externaltools.gnu-tools-for-stm32.10.3-2021.10.linux64_1.0.0.202111181127/tools/bin/../lib/gcc/arm-none-eabi/10.3.1/thumb/v7e-m+fp/hard/libgcc.a(_aeabi_uldivmod.o)
                0x00000000080001c8                __aeabi_uldivmod
 .text          0x00000000080001f8      0x2d0 /home/maciej/st/stm32cubeide_1.9.0_2/plugins/com.st.stm32cube.ide.mcu.externaltools.gnu-tools-for-stm32.10.3-2021.10.linux64_1.0.0.202111181127/tools/bin/../lib/gcc/arm-none-eabi/10.3.1/thumb/v7e-m+fp/hard/libgcc.a(_udivmoddi4.o)
                0x00000000080001f8                __udivmoddi4
 .text          0x00000000080004c8        0x4 /home/maciej/st/stm32cubeide_1.9.0_2/plugins/com.st.stm32cube.ide.mcu.externaltools.gnu-tools-for-stm32.10.3-2021.10.linux64_1.0.0.202111181127/tools/bin/../lib/gcc/arm-none-eabi/10.3.1/thumb/v7e-m+fp/hard/libgcc.a(_dvmd_tls.o)
                0x00000000080004c8                __aeabi_ldiv0
                0x00000000080004c8                __aeabi_idiv0
 *(.text*)
 .text.motorA_init
                0x00000000080004cc       0x14 ./Core/Src/control_motro.o
                0x00000000080004cc                motorA_init
 .text.motorB_init
                0x00000000080004e0       0x14 ./Core/Src/control_motro.o
                0x00000000080004e0                motorB_init
 .text.servo_init
                0x00000000080004f4       0x54 ./Core/Src/control_motro.o
                0x00000000080004f4                servo_init
 .text.MX_DMA_Init
                0x0000000008000548       0x40 ./Core/Src/dma.o
                0x0000000008000548                MX_DMA_Init
 .text.MX_GPIO_Init
                0x0000000008000588       0xa0 ./Core/Src/gpio.o
                0x0000000008000588                MX_GPIO_Init
 .text.SystemClock_Config
                0x0000000008000628       0x76 ./Core/Src/main.o
                0x0000000008000628                SystemClock_Config
 *fill*         0x000000000800069e        0x2 
 .text.startup.main
                0x00000000080006a0      0x110 ./Core/Src/main.o
                0x00000000080006a0                main
 .text.Error_Handler
                0x00000000080007b0        0x4 ./Core/Src/main.o
                0x00000000080007b0                Error_Handler
 .text.pid_init
                0x00000000080007b4       0x14 ./Core/Src/pid.o
                0x00000000080007b4                pid_init
 .text.pid_calculate
                0x00000000080007c8       0x52 ./Core/Src/pid.o
                0x00000000080007c8                pid_calculate
 *fill*         0x000000000800081a        0x2 
 .text.HAL_MspInit
                0x000000000800081c       0x30 ./Core/Src/stm32l4xx_hal_msp.o
                0x000000000800081c                HAL_MspInit
 .text.NMI_Handler
                0x000000000800084c        0x2 ./Core/Src/stm32l4xx_it.o
                0x000000000800084c                NMI_Handler
 .text.HardFault_Handler
                0x000000000800084e        0x2 ./Core/Src/stm32l4xx_it.o
                0x000000000800084e                HardFault_Handler
 .text.MemManage_Handler
                0x0000000008000850        0x2 ./Core/Src/stm32l4xx_it.o
                0x0000000008000850                MemManage_Handler
 .text.BusFault_Handler
                0x0000000008000852        0x2 ./Core/Src/stm32l4xx_it.o
                0x0000000008000852                BusFault_Handler
 .text.UsageFault_Handler
                0x0000000008000854        0x2 ./Core/Src/stm32l4xx_it.o
                0x0000000008000854                UsageFault_Handler
 .text.SVC_Handler
                0x0000000008000856        0x2 ./Core/Src/stm32l4xx_it.o
                0x0000000008000856                SVC_Handler
 .text.DebugMon_Handler
                0x0000000008000858        0x2 ./Core/Src/stm32l4xx_it.o
                0x0000000008000858                DebugMon_Handler
 .text.PendSV_Handler
                0x000000000800085a        0x2 ./Core/Src/stm32l4xx_it.o
                0x000000000800085a                PendSV_Handler
 .text.SysTick_Handler
                0x000000000800085c        0x4 ./Core/Src/stm32l4xx_it.o
                0x000000000800085c                SysTick_Handler
 .text.DMA1_Channel6_IRQHandler
                0x0000000008000860        0xc ./Core/Src/stm32l4xx_it.o
                0x0000000008000860                DMA1_Channel6_IRQHandler
 .text.DMA1_Channel7_IRQHandler
                0x000000000800086c        0xc ./Core/Src/stm32l4xx_it.o
                0x000000000800086c                DMA1_Channel7_IRQHandler
 .text.TIM1_BRK_TIM15_IRQHandler
                0x0000000008000878       0x1c ./Core/Src/stm32l4xx_it.o
                0x0000000008000878                TIM1_BRK_TIM15_IRQHandler
 .text.TIM2_IRQHandler
                0x0000000008000894        0xc ./Core/Src/stm32l4xx_it.o
                0x0000000008000894                TIM2_IRQHandler
 .text.TIM4_IRQHandler
                0x00000000080008a0        0xc ./Core/Src/stm32l4xx_it.o
                0x00000000080008a0                TIM4_IRQHandler
 .text.USART2_IRQHandler
                0x00000000080008ac        0xc ./Core/Src/stm32l4xx_it.o
                0x00000000080008ac                USART2_IRQHandler
 .text.TIM6_DAC_IRQHandler
                0x00000000080008b8        0xc ./Core/Src/stm32l4xx_it.o
                0x00000000080008b8                TIM6_DAC_IRQHandler
 .text.SystemInit
                0x00000000080008c4       0x14 ./Core/Src/system_stm32l4xx.o
                0x00000000080008c4                SystemInit
 .text.MX_TIM2_Init
                0x00000000080008d8       0x64 ./Core/Src/tim.o
                0x00000000080008d8                MX_TIM2_Init
 .text.MX_TIM4_Init
                0x000000000800093c       0x64 ./Core/Src/tim.o
                0x000000000800093c                MX_TIM4_Init
 .text.MX_TIM6_Init
                0x00000000080009a0       0x48 ./Core/Src/tim.o
                0x00000000080009a0                MX_TIM6_Init
 .text.HAL_TIM_PWM_MspInit
                0x00000000080009e8       0x64 ./Core/Src/tim.o
                0x00000000080009e8                HAL_TIM_PWM_MspInit
 .text.HAL_TIM_Encoder_MspInit
                0x0000000008000a4c       0xc4 ./Core/Src/tim.o
                0x0000000008000a4c                HAL_TIM_Encoder_MspInit
 .text.HAL_TIM_Base_MspInit
                0x0000000008000b10       0x40 ./Core/Src/tim.o
                0x0000000008000b10                HAL_TIM_Base_MspInit
 .text.HAL_TIM_MspPostInit
                0x0000000008000b50       0x84 ./Core/Src/tim.o
                0x0000000008000b50                HAL_TIM_MspPostInit
 .text.MX_TIM1_Init
                0x0000000008000bd4       0xc8 ./Core/Src/tim.o
                0x0000000008000bd4                MX_TIM1_Init
 .text.MX_TIM15_Init
                0x0000000008000c9c       0xb0 ./Core/Src/tim.o
                0x0000000008000c9c                MX_TIM15_Init
 .text.MX_USART2_UART_Init
                0x0000000008000d4c       0x3c ./Core/Src/usart.o
                0x0000000008000d4c                MX_USART2_UART_Init
 .text.HAL_UART_MspInit
                0x0000000008000d88      0x128 ./Core/Src/usart.o
                0x0000000008000d88                HAL_UART_MspInit
 .text.Reset_Handler
                0x0000000008000eb0       0x50 ./Core/Startup/startup_stm32l476vgtx.o
                0x0000000008000eb0                Reset_Handler
 .text.Default_Handler
                0x0000000008000f00        0x2 ./Core/Startup/startup_stm32l476vgtx.o
                0x0000000008000f00                RTC_Alarm_IRQHandler
                0x0000000008000f00                EXTI2_IRQHandler
                0x0000000008000f00                TIM8_TRG_COM_IRQHandler
                0x0000000008000f00                TIM8_CC_IRQHandler
                0x0000000008000f00                TIM1_CC_IRQHandler
                0x0000000008000f00                TSC_IRQHandler
                0x0000000008000f00                TAMP_STAMP_IRQHandler
                0x0000000008000f00                EXTI3_IRQHandler
                0x0000000008000f00                LPTIM2_IRQHandler
                0x0000000008000f00                DFSDM1_FLT1_IRQHandler
                0x0000000008000f00                I2C3_ER_IRQHandler
                0x0000000008000f00                DFSDM1_FLT2_IRQHandler
                0x0000000008000f00                EXTI0_IRQHandler
                0x0000000008000f00                I2C2_EV_IRQHandler
                0x0000000008000f00                CAN1_RX0_IRQHandler
                0x0000000008000f00                FPU_IRQHandler
                0x0000000008000f00                TIM1_UP_TIM16_IRQHandler
                0x0000000008000f00                ADC1_2_IRQHandler
                0x0000000008000f00                SPI1_IRQHandler
                0x0000000008000f00                TIM8_UP_IRQHandler
                0x0000000008000f00                DMA2_Channel2_IRQHandler
                0x0000000008000f00                DMA1_Channel4_IRQHandler
                0x0000000008000f00                SAI2_IRQHandler
                0x0000000008000f00                DFSDM1_FLT3_IRQHandler
                0x0000000008000f00                USART3_IRQHandler
                0x0000000008000f00                CAN1_RX1_IRQHandler
                0x0000000008000f00                LCD_IRQHandler
                0x0000000008000f00                UART5_IRQHandler
                0x0000000008000f00                ADC3_IRQHandler
                0x0000000008000f00                DMA2_Channel1_IRQHandler
                0x0000000008000f00                QUADSPI_IRQHandler
                0x0000000008000f00                I2C1_EV_IRQHandler
                0x0000000008000f00                UART4_IRQHandler
                0x0000000008000f00                DMA2_Channel4_IRQHandler
                0x0000000008000f00                TIM3_IRQHandler
                0x0000000008000f00                RCC_IRQHandler
                0x0000000008000f00                DMA1_Channel1_IRQHandler
                0x0000000008000f00                Default_Handler
                0x0000000008000f00                DMA2_Channel7_IRQHandler
                0x0000000008000f00                EXTI15_10_IRQHandler
                0x0000000008000f00                TIM7_IRQHandler
                0x0000000008000f00                SDMMC1_IRQHandler
                0x0000000008000f00                TIM5_IRQHandler
                0x0000000008000f00                I2C3_EV_IRQHandler
                0x0000000008000f00                EXTI9_5_IRQHandler
                0x0000000008000f00                RTC_WKUP_IRQHandler
                0x0000000008000f00                PVD_PVM_IRQHandler
                0x0000000008000f00                SPI2_IRQHandler
                0x0000000008000f00                CAN1_TX_IRQHandler
                0x0000000008000f00                DMA2_Channel5_IRQHandler
                0x0000000008000f00                DMA1_Channel5_IRQHandler
                0x0000000008000f00                EXTI4_IRQHandler
                0x0000000008000f00                RNG_IRQHandler
                0x0000000008000f00                TIM1_TRG_COM_TIM17_IRQHandler
                0x0000000008000f00                DMA1_Channel3_IRQHandler
                0x0000000008000f00                COMP_IRQHandler
                0x0000000008000f00                WWDG_IRQHandler
                0x0000000008000f00                LPUART1_IRQHandler
                0x0000000008000f00                DMA2_Channel6_IRQHandler
                0x0000000008000f00                EXTI1_IRQHandler
                0x0000000008000f00                DFSDM1_FLT0_IRQHandler
                0x0000000008000f00                I2C2_ER_IRQHandler
                0x0000000008000f00                DMA1_Channel2_IRQHandler
                0x0000000008000f00                TIM8_BRK_IRQHandler
                0x0000000008000f00                CAN1_SCE_IRQHandler
                0x0000000008000f00                FLASH_IRQHandler
                0x0000000008000f00                USART1_IRQHandler
                0x0000000008000f00                OTG_FS_IRQHandler
                0x0000000008000f00                SPI3_IRQHandler
                0x0000000008000f00                I2C1_ER_IRQHandler
                0x0000000008000f00                FMC_IRQHandler
                0x0000000008000f00                SWPMI1_IRQHandler
                0x0000000008000f00                LPTIM1_IRQHandler
                0x0000000008000f00                SAI1_IRQHandler
                0x0000000008000f00                DMA2_Channel3_IRQHandler
 *fill*         0x0000000008000f02        0x2 
 .text.HAL_InitTick
                0x0000000008000f04       0x4c ./Drivers/STM32L4xx_HAL_Driver/Src/stm32l4xx_hal.o
                0x0000000008000f04                HAL_InitTick
 .text.HAL_Init
                0x0000000008000f50       0x2c ./Drivers/STM32L4xx_HAL_Driver/Src/stm32l4xx_hal.o
                0x0000000008000f50                HAL_Init
 .text.HAL_IncTick
                0x0000000008000f7c       0x18 ./Drivers/STM32L4xx_HAL_Driver/Src/stm32l4xx_hal.o
                0x0000000008000f7c                HAL_IncTick
 .text.HAL_GetTick
                0x0000000008000f94        0xc ./Drivers/STM32L4xx_HAL_Driver/Src/stm32l4xx_hal.o
                0x0000000008000f94                HAL_GetTick
 .text.HAL_Delay
                0x0000000008000fa0       0x28 ./Drivers/STM32L4xx_HAL_Driver/Src/stm32l4xx_hal.o
                0x0000000008000fa0                HAL_Delay
 .text.HAL_NVIC_SetPriorityGrouping
                0x0000000008000fc8       0x24 ./Drivers/STM32L4xx_HAL_Driver/Src/stm32l4xx_hal_cortex.o
                0x0000000008000fc8                HAL_NVIC_SetPriorityGrouping
 .text.HAL_NVIC_SetPriority
                0x0000000008000fec       0x64 ./Drivers/STM32L4xx_HAL_Driver/Src/stm32l4xx_hal_cortex.o
                0x0000000008000fec                HAL_NVIC_SetPriority
 .text.HAL_NVIC_EnableIRQ
                0x0000000008001050       0x1c ./Drivers/STM32L4xx_HAL_Driver/Src/stm32l4xx_hal_cortex.o
                0x0000000008001050                HAL_NVIC_EnableIRQ
 .text.HAL_SYSTICK_Config
                0x000000000800106c       0x28 ./Drivers/STM32L4xx_HAL_Driver/Src/stm32l4xx_hal_cortex.o
                0x000000000800106c                HAL_SYSTICK_Config
 .text.HAL_DMA_Init
                0x0000000008001094       0xd8 ./Drivers/STM32L4xx_HAL_Driver/Src/stm32l4xx_hal_dma.o
                0x0000000008001094                HAL_DMA_Init
 .text.HAL_DMA_Abort
                0x000000000800116c       0x46 ./Drivers/STM32L4xx_HAL_Driver/Src/stm32l4xx_hal_dma.o
                0x000000000800116c                HAL_DMA_Abort
 .text.HAL_DMA_Abort_IT
                0x00000000080011b2       0x4c ./Drivers/STM32L4xx_HAL_Driver/Src/stm32l4xx_hal_dma.o
                0x00000000080011b2                HAL_DMA_Abort_IT
 .text.HAL_DMA_IRQHandler
                0x00000000080011fe       0x94 ./Drivers/STM32L4xx_HAL_Driver/Src/stm32l4xx_hal_dma.o
                0x00000000080011fe                HAL_DMA_IRQHandler
 *fill*         0x0000000008001292        0x2 
 .text.HAL_GPIO_Init
                0x0000000008001294      0x1bc ./Drivers/STM32L4xx_HAL_Driver/Src/stm32l4xx_hal_gpio.o
                0x0000000008001294                HAL_GPIO_Init
 .text.HAL_GPIO_WritePin
                0x0000000008001450        0xa ./Drivers/STM32L4xx_HAL_Driver/Src/stm32l4xx_hal_gpio.o
                0x0000000008001450                HAL_GPIO_WritePin
 *fill*         0x000000000800145a        0x2 
 .text.HAL_PWREx_GetVoltageRange
                0x000000000800145c       0x10 ./Drivers/STM32L4xx_HAL_Driver/Src/stm32l4xx_hal_pwr_ex.o
                0x000000000800145c                HAL_PWREx_GetVoltageRange
 .text.HAL_PWREx_ControlVoltageScaling
                0x000000000800146c       0x6c ./Drivers/STM32L4xx_HAL_Driver/Src/stm32l4xx_hal_pwr_ex.o
                0x000000000800146c                HAL_PWREx_ControlVoltageScaling
 .text.RCC_SetFlashLatencyFromMSIRange
                0x00000000080014d8       0x84 ./Drivers/STM32L4xx_HAL_Driver/Src/stm32l4xx_hal_rcc.o
 .text.HAL_RCC_GetSysClockFreq
                0x000000000800155c       0x9c ./Drivers/STM32L4xx_HAL_Driver/Src/stm32l4xx_hal_rcc.o
                0x000000000800155c                HAL_RCC_GetSysClockFreq
 .text.HAL_RCC_OscConfig
                0x00000000080015f8      0x50c ./Drivers/STM32L4xx_HAL_Driver/Src/stm32l4xx_hal_rcc.o
                0x00000000080015f8                HAL_RCC_OscConfig
 .text.HAL_RCC_ClockConfig
                0x0000000008001b04      0x128 ./Drivers/STM32L4xx_HAL_Driver/Src/stm32l4xx_hal_rcc.o
                0x0000000008001b04                HAL_RCC_ClockConfig
 .text.HAL_RCC_GetPCLK1Freq
                0x0000000008001c2c       0x24 ./Drivers/STM32L4xx_HAL_Driver/Src/stm32l4xx_hal_rcc.o
                0x0000000008001c2c                HAL_RCC_GetPCLK1Freq
 .text.HAL_RCC_GetPCLK2Freq
                0x0000000008001c50       0x24 ./Drivers/STM32L4xx_HAL_Driver/Src/stm32l4xx_hal_rcc.o
                0x0000000008001c50                HAL_RCC_GetPCLK2Freq
 .text.RCCEx_PLLSAI1_Config
                0x0000000008001c74      0x114 ./Drivers/STM32L4xx_HAL_Driver/Src/stm32l4xx_hal_rcc_ex.o
 .text.RCCEx_PLLSAI2_Config
                0x0000000008001d88       0xf8 ./Drivers/STM32L4xx_HAL_Driver/Src/stm32l4xx_hal_rcc_ex.o
 .text.HAL_RCCEx_PeriphCLKConfig
                0x0000000008001e80      0x3d8 ./Drivers/STM32L4xx_HAL_Driver/Src/stm32l4xx_hal_rcc_ex.o
                0x0000000008001e80                HAL_RCCEx_PeriphCLKConfig
 .text.TIM_OC1_SetConfig
                0x0000000008002258       0x98 ./Drivers/STM32L4xx_HAL_Driver/Src/stm32l4xx_hal_tim.o
 .text.TIM_OC3_SetConfig
                0x00000000080022f0       0x88 ./Drivers/STM32L4xx_HAL_Driver/Src/stm32l4xx_hal_tim.o
 .text.TIM_OC4_SetConfig
                0x0000000008002378       0x68 ./Drivers/STM32L4xx_HAL_Driver/Src/stm32l4xx_hal_tim.o
 .text.TIM_OC5_SetConfig
                0x00000000080023e0       0x68 ./Drivers/STM32L4xx_HAL_Driver/Src/stm32l4xx_hal_tim.o
 .text.TIM_OC6_SetConfig
                0x0000000008002448       0x68 ./Drivers/STM32L4xx_HAL_Driver/Src/stm32l4xx_hal_tim.o
 .text.HAL_TIM_Encoder_Start
                0x00000000080024b0       0xb6 ./Drivers/STM32L4xx_HAL_Driver/Src/stm32l4xx_hal_tim.o
                0x00000000080024b0                HAL_TIM_Encoder_Start
 .text.HAL_TIM_PeriodElapsedCallback
                0x0000000008002566        0x2 ./Drivers/STM32L4xx_HAL_Driver/Src/stm32l4xx_hal_tim.o
                0x0000000008002566                HAL_TIM_PeriodElapsedCallback
 .text.HAL_TIM_OC_DelayElapsedCallback
                0x0000000008002568        0x2 ./Drivers/STM32L4xx_HAL_Driver/Src/stm32l4xx_hal_tim.o
                0x0000000008002568                HAL_TIM_OC_DelayElapsedCallback
 .text.HAL_TIM_IC_CaptureCallback
                0x000000000800256a        0x2 ./Drivers/STM32L4xx_HAL_Driver/Src/stm32l4xx_hal_tim.o
                0x000000000800256a                HAL_TIM_IC_CaptureCallback
 .text.HAL_TIM_PWM_PulseFinishedCallback
                0x000000000800256c        0x2 ./Drivers/STM32L4xx_HAL_Driver/Src/stm32l4xx_hal_tim.o
                0x000000000800256c                HAL_TIM_PWM_PulseFinishedCallback
 .text.HAL_TIM_TriggerCallback
                0x000000000800256e        0x2 ./Drivers/STM32L4xx_HAL_Driver/Src/stm32l4xx_hal_tim.o
                0x000000000800256e                HAL_TIM_TriggerCallback
 .text.HAL_TIM_IRQHandler
                0x0000000008002570      0x160 ./Drivers/STM32L4xx_HAL_Driver/Src/stm32l4xx_hal_tim.o
                0x0000000008002570                HAL_TIM_IRQHandler
 .text.TIM_Base_SetConfig
                0x00000000080026d0       0xcc ./Drivers/STM32L4xx_HAL_Driver/Src/stm32l4xx_hal_tim.o
                0x00000000080026d0                TIM_Base_SetConfig
 .text.HAL_TIM_Base_Init
                0x000000000800279c       0x60 ./Drivers/STM32L4xx_HAL_Driver/Src/stm32l4xx_hal_tim.o
                0x000000000800279c                HAL_TIM_Base_Init
 .text.HAL_TIM_PWM_Init
                0x00000000080027fc       0x60 ./Drivers/STM32L4xx_HAL_Driver/Src/stm32l4xx_hal_tim.o
                0x00000000080027fc                HAL_TIM_PWM_Init
 .text.HAL_TIM_Encoder_Init
                0x000000000800285c       0xaa ./Drivers/STM32L4xx_HAL_Driver/Src/stm32l4xx_hal_tim.o
                0x000000000800285c                HAL_TIM_Encoder_Init
 *fill*         0x0000000008002906        0x2 
 .text.TIM_OC2_SetConfig
                0x0000000008002908       0x8c ./Drivers/STM32L4xx_HAL_Driver/Src/stm32l4xx_hal_tim.o
                0x0000000008002908                TIM_OC2_SetConfig
 .text.HAL_TIM_PWM_ConfigChannel
                0x0000000008002994      0x104 ./Drivers/STM32L4xx_HAL_Driver/Src/stm32l4xx_hal_tim.o
                0x0000000008002994                HAL_TIM_PWM_ConfigChannel
 .text.TIM_CCxChannelCmd
                0x0000000008002a98       0x1c ./Drivers/STM32L4xx_HAL_Driver/Src/stm32l4xx_hal_tim.o
                0x0000000008002a98                TIM_CCxChannelCmd
 .text.HAL_TIM_OC_Start
                0x0000000008002ab4      0x114 ./Drivers/STM32L4xx_HAL_Driver/Src/stm32l4xx_hal_tim.o
                0x0000000008002ab4                HAL_TIM_OC_Start
 .text.HAL_TIM_PWM_Start
                0x0000000008002bc8        0x4 ./Drivers/STM32L4xx_HAL_Driver/Src/stm32l4xx_hal_tim.o
                0x0000000008002bc8                HAL_TIM_PWM_Start
 .text.HAL_TIMEx_MasterConfigSynchronization
                0x0000000008002bcc       0x8c ./Drivers/STM32L4xx_HAL_Driver/Src/stm32l4xx_hal_tim_ex.o
                0x0000000008002bcc                HAL_TIMEx_MasterConfigSynchronization
 .text.HAL_TIMEx_ConfigBreakDeadTime
                0x0000000008002c58       0x84 ./Drivers/STM32L4xx_HAL_Driver/Src/stm32l4xx_hal_tim_ex.o
                0x0000000008002c58                HAL_TIMEx_ConfigBreakDeadTime
 .text.HAL_TIMEx_CommutCallback
                0x0000000008002cdc        0x2 ./Drivers/STM32L4xx_HAL_Driver/Src/stm32l4xx_hal_tim_ex.o
                0x0000000008002cdc                HAL_TIMEx_CommutCallback
 .text.HAL_TIMEx_BreakCallback
                0x0000000008002cde        0x2 ./Drivers/STM32L4xx_HAL_Driver/Src/stm32l4xx_hal_tim_ex.o
                0x0000000008002cde                HAL_TIMEx_BreakCallback
 .text.HAL_TIMEx_Break2Callback
                0x0000000008002ce0        0x2 ./Drivers/STM32L4xx_HAL_Driver/Src/stm32l4xx_hal_tim_ex.o
                0x0000000008002ce0                HAL_TIMEx_Break2Callback
 .text.UART_EndRxTransfer
                0x0000000008002ce2       0x4e ./Drivers/STM32L4xx_HAL_Driver/Src/stm32l4xx_hal_uart.o
 .text.HAL_UART_TxCpltCallback
                0x0000000008002d30        0x2 ./Drivers/STM32L4xx_HAL_Driver/Src/stm32l4xx_hal_uart.o
                0x0000000008002d30                HAL_UART_TxCpltCallback
 .text.HAL_UART_ErrorCallback
                0x0000000008002d32        0x2 ./Drivers/STM32L4xx_HAL_Driver/Src/stm32l4xx_hal_uart.o
                0x0000000008002d32                HAL_UART_ErrorCallback
 .text.UART_DMAAbortOnError
                0x0000000008002d34       0x14 ./Drivers/STM32L4xx_HAL_Driver/Src/stm32l4xx_hal_uart.o
 .text.HAL_UARTEx_RxEventCallback
                0x0000000008002d48        0x2 ./Drivers/STM32L4xx_HAL_Driver/Src/stm32l4xx_hal_uart.o
                0x0000000008002d48                HAL_UARTEx_RxEventCallback
 *fill*         0x0000000008002d4a        0x2 
 .text.HAL_UART_IRQHandler
                0x0000000008002d4c      0x28c ./Drivers/STM32L4xx_HAL_Driver/Src/stm32l4xx_hal_uart.o
                0x0000000008002d4c                HAL_UART_IRQHandler
 .text.UART_SetConfig
                0x0000000008002fd8      0x284 ./Drivers/STM32L4xx_HAL_Driver/Src/stm32l4xx_hal_uart.o
                0x0000000008002fd8                UART_SetConfig
 .text.UART_AdvFeatureConfig
                0x000000000800325c       0xa8 ./Drivers/STM32L4xx_HAL_Driver/Src/stm32l4xx_hal_uart.o
                0x000000000800325c                UART_AdvFeatureConfig
 .text.UART_WaitOnFlagUntilTimeout
                0x0000000008003304       0xbc ./Drivers/STM32L4xx_HAL_Driver/Src/stm32l4xx_hal_uart.o
                0x0000000008003304                UART_WaitOnFlagUntilTimeout
 .text.UART_CheckIdleState
                0x00000000080033c0       0x66 ./Drivers/STM32L4xx_HAL_Driver/Src/stm32l4xx_hal_uart.o
                0x00000000080033c0                UART_CheckIdleState
 .text.HAL_UART_Init
                0x0000000008003426       0x5c ./Drivers/STM32L4xx_HAL_Driver/Src/stm32l4xx_hal_uart.o
                0x0000000008003426                HAL_UART_Init
 .text.HAL_UARTEx_WakeupCallback
                0x0000000008003482        0x2 ./Drivers/STM32L4xx_HAL_Driver/Src/stm32l4xx_hal_uart_ex.o
                0x0000000008003482                HAL_UARTEx_WakeupCallback
 .text.__libc_init_array
                0x0000000008003484       0x48 /home/maciej/st/stm32cubeide_1.9.0_2/plugins/com.st.stm32cube.ide.mcu.externaltools.gnu-tools-for-stm32.10.3-2021.10.linux64_1.0.0.202111181127/tools/bin/../lib/gcc/arm-none-eabi/10.3.1/../../../../arm-none-eabi/lib/thumb/v7e-m+fp/hard/libc_nano.a(lib_a-init.o)
                0x0000000008003484                __libc_init_array
 .text.memset   0x00000000080034cc       0x10 /home/maciej/st/stm32cubeide_1.9.0_2/plugins/com.st.stm32cube.ide.mcu.externaltools.gnu-tools-for-stm32.10.3-2021.10.linux64_1.0.0.202111181127/tools/bin/../lib/gcc/arm-none-eabi/10.3.1/../../../../arm-none-eabi/lib/thumb/v7e-m+fp/hard/libc_nano.a(lib_a-memset.o)
                0x00000000080034cc                memset
 *(.glue_7)
 .glue_7        0x00000000080034dc        0x0 linker stubs
 *(.glue_7t)
 .glue_7t       0x00000000080034dc        0x0 linker stubs
 *(.eh_frame)
 .eh_frame      0x00000000080034dc        0x0 /home/maciej/st/stm32cubeide_1.9.0_2/plugins/com.st.stm32cube.ide.mcu.externaltools.gnu-tools-for-stm32.10.3-2021.10.linux64_1.0.0.202111181127/tools/bin/../lib/gcc/arm-none-eabi/10.3.1/thumb/v7e-m+fp/hard/crtbegin.o
 *(.init)
 .init          0x00000000080034dc        0x4 /home/maciej/st/stm32cubeide_1.9.0_2/plugins/com.st.stm32cube.ide.mcu.externaltools.gnu-tools-for-stm32.10.3-2021.10.linux64_1.0.0.202111181127/tools/bin/../lib/gcc/arm-none-eabi/10.3.1/thumb/v7e-m+fp/hard/crti.o
                0x00000000080034dc                _init
 .init          0x00000000080034e0        0x8 /home/maciej/st/stm32cubeide_1.9.0_2/plugins/com.st.stm32cube.ide.mcu.externaltools.gnu-tools-for-stm32.10.3-2021.10.linux64_1.0.0.202111181127/tools/bin/../lib/gcc/arm-none-eabi/10.3.1/thumb/v7e-m+fp/hard/crtn.o
 *(.fini)
 .fini          0x00000000080034e8        0x4 /home/maciej/st/stm32cubeide_1.9.0_2/plugins/com.st.stm32cube.ide.mcu.externaltools.gnu-tools-for-stm32.10.3-2021.10.linux64_1.0.0.202111181127/tools/bin/../lib/gcc/arm-none-eabi/10.3.1/thumb/v7e-m+fp/hard/crti.o
                0x00000000080034e8                _fini
 .fini          0x00000000080034ec        0x8 /home/maciej/st/stm32cubeide_1.9.0_2/plugins/com.st.stm32cube.ide.mcu.externaltools.gnu-tools-for-stm32.10.3-2021.10.linux64_1.0.0.202111181127/tools/bin/../lib/gcc/arm-none-eabi/10.3.1/thumb/v7e-m+fp/hard/crtn.o
                0x00000000080034f4                . = ALIGN (0x4)
                0x00000000080034f4                _etext = .

.vfp11_veneer   0x00000000080034f4        0x0
 .vfp11_veneer  0x00000000080034f4        0x0 linker stubs

.v4_bx          0x00000000080034f4        0x0
 .v4_bx         0x00000000080034f4        0x0 linker stubs

.iplt           0x00000000080034f4        0x0
 .iplt          0x00000000080034f4        0x0 /home/maciej/st/stm32cubeide_1.9.0_2/plugins/com.st.stm32cube.ide.mcu.externaltools.gnu-tools-for-stm32.10.3-2021.10.linux64_1.0.0.202111181127/tools/bin/../lib/gcc/arm-none-eabi/10.3.1/thumb/v7e-m+fp/hard/crtbegin.o

.rodata         0x00000000080034f4       0x58
                0x00000000080034f4                . = ALIGN (0x4)
 *(.rodata)
 *(.rodata*)
 .rodata.AHBPrescTable
                0x00000000080034f4       0x10 ./Core/Src/system_stm32l4xx.o
                0x00000000080034f4                AHBPrescTable
 .rodata.APBPrescTable
                0x0000000008003504        0x8 ./Core/Src/system_stm32l4xx.o
                0x0000000008003504                APBPrescTable
 .rodata.MSIRangeTable
                0x000000000800350c       0x30 ./Core/Src/system_stm32l4xx.o
                0x000000000800350c                MSIRangeTable
 .rodata.CSWTCH.53
                0x000000000800353c        0x3 ./Drivers/STM32L4xx_HAL_Driver/Src/stm32l4xx_hal_uart.o
 .rodata.CSWTCH.54
                0x000000000800353f        0xd ./Drivers/STM32L4xx_HAL_Driver/Src/stm32l4xx_hal_uart.o
                0x000000000800354c                . = ALIGN (0x4)

.ARM.extab      0x000000000800354c        0x0
                0x000000000800354c                . = ALIGN (0x4)
 *(.ARM.extab* .gnu.linkonce.armextab.*)
                0x000000000800354c                . = ALIGN (0x4)

.ARM            0x000000000800354c        0x8
                0x000000000800354c                . = ALIGN (0x4)
                0x000000000800354c                __exidx_start = .
 *(.ARM.exidx*)
 .ARM.exidx     0x000000000800354c        0x8 /home/maciej/st/stm32cubeide_1.9.0_2/plugins/com.st.stm32cube.ide.mcu.externaltools.gnu-tools-for-stm32.10.3-2021.10.linux64_1.0.0.202111181127/tools/bin/../lib/gcc/arm-none-eabi/10.3.1/thumb/v7e-m+fp/hard/libgcc.a(_udivmoddi4.o)
                0x0000000008003554                __exidx_end = .
                0x0000000008003554                . = ALIGN (0x4)

.rel.dyn        0x0000000008003554        0x0
 .rel.iplt      0x0000000008003554        0x0 /home/maciej/st/stm32cubeide_1.9.0_2/plugins/com.st.stm32cube.ide.mcu.externaltools.gnu-tools-for-stm32.10.3-2021.10.linux64_1.0.0.202111181127/tools/bin/../lib/gcc/arm-none-eabi/10.3.1/thumb/v7e-m+fp/hard/crtbegin.o

.preinit_array  0x0000000008003554        0x0
                0x0000000008003554                . = ALIGN (0x4)
                0x0000000008003554                PROVIDE (__preinit_array_start = .)
 *(.preinit_array*)
                0x0000000008003554                PROVIDE (__preinit_array_end = .)
                0x0000000008003554                . = ALIGN (0x4)

.init_array     0x0000000008003554        0x4
                0x0000000008003554                . = ALIGN (0x4)
                0x0000000008003554                PROVIDE (__init_array_start = .)
 *(SORT_BY_NAME(.init_array.*))
 *(.init_array*)
 .init_array    0x0000000008003554        0x4 /home/maciej/st/stm32cubeide_1.9.0_2/plugins/com.st.stm32cube.ide.mcu.externaltools.gnu-tools-for-stm32.10.3-2021.10.linux64_1.0.0.202111181127/tools/bin/../lib/gcc/arm-none-eabi/10.3.1/thumb/v7e-m+fp/hard/crtbegin.o
                0x0000000008003558                PROVIDE (__init_array_end = .)
                0x0000000008003558                . = ALIGN (0x4)

.fini_array     0x0000000008003558        0x4
                0x0000000008003558                . = ALIGN (0x4)
                [!provide]                        PROVIDE (__fini_array_start = .)
 *(SORT_BY_NAME(.fini_array.*))
 *(.fini_array*)
 .fini_array    0x0000000008003558        0x4 /home/maciej/st/stm32cubeide_1.9.0_2/plugins/com.st.stm32cube.ide.mcu.externaltools.gnu-tools-for-stm32.10.3-2021.10.linux64_1.0.0.202111181127/tools/bin/../lib/gcc/arm-none-eabi/10.3.1/thumb/v7e-m+fp/hard/crtbegin.o
                [!provide]                        PROVIDE (__fini_array_end = .)
                0x000000000800355c                . = ALIGN (0x4)
                0x000000000800355c                _sidata = LOADADDR (.data)

.data           0x0000000020000000       0x18 load address 0x000000000800355c
                0x0000000020000000                . = ALIGN (0x4)
                0x0000000020000000                _sdata = .
 *(.data)
 *(.data*)
 .data.kd       0x0000000020000000        0x4 ./Core/Src/main.o
                0x0000000020000000                kd
 .data.ki       0x0000000020000004        0x4 ./Core/Src/main.o
                0x0000000020000004                ki
 .data.kp       0x0000000020000008        0x4 ./Core/Src/main.o
                0x0000000020000008                kp
 .data.SystemCoreClock
                0x000000002000000c        0x4 ./Core/Src/system_stm32l4xx.o
                0x000000002000000c                SystemCoreClock
 .data.uwTickFreq
                0x0000000020000010        0x1 ./Drivers/STM32L4xx_HAL_Driver/Src/stm32l4xx_hal.o
                0x0000000020000010                uwTickFreq
 *fill*         0x0000000020000011        0x3 
 .data.uwTickPrio
                0x0000000020000014        0x4 ./Drivers/STM32L4xx_HAL_Driver/Src/stm32l4xx_hal.o
                0x0000000020000014                uwTickPrio
 *(.RamFunc)
 *(.RamFunc*)
                0x0000000020000018                . = ALIGN (0x4)
                0x0000000020000018                _edata = .

.igot.plt       0x0000000020000018        0x0 load address 0x0000000008003574
 .igot.plt      0x0000000020000018        0x0 /home/maciej/st/stm32cubeide_1.9.0_2/plugins/com.st.stm32cube.ide.mcu.externaltools.gnu-tools-for-stm32.10.3-2021.10.linux64_1.0.0.202111181127/tools/bin/../lib/gcc/arm-none-eabi/10.3.1/thumb/v7e-m+fp/hard/crtbegin.o
                0x0000000020000018                . = ALIGN (0x4)

.bss            0x0000000020000018      0x2f0 load address 0x0000000008003574
                0x0000000020000018                _sbss = .
                0x0000000020000018                __bss_start__ = _sbss
 *(.bss)
 .bss           0x0000000020000018       0x1c /home/maciej/st/stm32cubeide_1.9.0_2/plugins/com.st.stm32cube.ide.mcu.externaltools.gnu-tools-for-stm32.10.3-2021.10.linux64_1.0.0.202111181127/tools/bin/../lib/gcc/arm-none-eabi/10.3.1/thumb/v7e-m+fp/hard/crtbegin.o
 *(.bss*)
 .bss.timA      0x0000000020000034        0x4 ./Core/Src/control_motro.o
                0x0000000020000034                timA
 .bss.timB      0x0000000020000038        0x4 ./Core/Src/control_motro.o
                0x0000000020000038                timB
 .bss.timServo  0x000000002000003c        0x4 ./Core/Src/control_motro.o
                0x000000002000003c                timServo
 .bss.tim_channelA
                0x0000000020000040        0x4 ./Core/Src/control_motro.o
                0x0000000020000040                tim_channelA
 .bss.tim_channelB
                0x0000000020000044        0x4 ./Core/Src/control_motro.o
                0x0000000020000044                tim_channelB
 .bss.tim_channelServo
                0x0000000020000048        0x4 ./Core/Src/control_motro.o
                0x0000000020000048                tim_channelServo
 .bss.Pos       0x000000002000004c        0xc ./Core/Src/main.o
                0x000000002000004c                Pos
 .bss.enc_pos1  0x0000000020000058        0x4 ./Core/Src/main.o
                0x0000000020000058                enc_pos1
 .bss.enc_pos2  0x000000002000005c        0x4 ./Core/Src/main.o
                0x000000002000005c                enc_pos2
 .bss.moveFlag  0x0000000020000060        0x4 ./Core/Src/main.o
                0x0000000020000060                moveFlag
 .bss.pid1      0x0000000020000064        0x4 ./Core/Src/main.o
                0x0000000020000064                pid1
 .bss.pid2      0x0000000020000068        0x4 ./Core/Src/main.o
                0x0000000020000068                pid2
 .bss.u1        0x000000002000006c        0x4 ./Core/Src/main.o
                0x000000002000006c                u1
 .bss.u2        0x0000000020000070        0x4 ./Core/Src/main.o
                0x0000000020000070                u2
 .bss.htim1     0x0000000020000074       0x4c ./Core/Src/tim.o
                0x0000000020000074                htim1
 .bss.htim15    0x00000000200000c0       0x4c ./Core/Src/tim.o
                0x00000000200000c0                htim15
 .bss.htim2     0x000000002000010c       0x4c ./Core/Src/tim.o
                0x000000002000010c                htim2
 .bss.htim4     0x0000000020000158       0x4c ./Core/Src/tim.o
                0x0000000020000158                htim4
 .bss.htim6     0x00000000200001a4       0x4c ./Core/Src/tim.o
                0x00000000200001a4                htim6
 .bss.hdma_usart2_rx
                0x00000000200001f0       0x48 ./Core/Src/usart.o
                0x00000000200001f0                hdma_usart2_rx
 .bss.hdma_usart2_tx
                0x0000000020000238       0x48 ./Core/Src/usart.o
                0x0000000020000238                hdma_usart2_tx
 .bss.huart2    0x0000000020000280       0x84 ./Core/Src/usart.o
                0x0000000020000280                huart2
 .bss.uwTick    0x0000000020000304        0x4 ./Drivers/STM32L4xx_HAL_Driver/Src/stm32l4xx_hal.o
                0x0000000020000304                uwTick
 *(COMMON)
                0x0000000020000308                . = ALIGN (0x4)
                0x0000000020000308                _ebss = .
                0x0000000020000308                __bss_end__ = _ebss

._user_heap_stack
                0x0000000020000308      0x600 load address 0x0000000008003574
                0x0000000020000308                . = ALIGN (0x8)
                [!provide]                        PROVIDE (end = .)
                0x0000000020000308                PROVIDE (_end = .)
                0x0000000020000508                . = (. + _Min_Heap_Size)
 *fill*         0x0000000020000308      0x200 
                0x0000000020000908                . = (. + _Min_Stack_Size)
 *fill*         0x0000000020000508      0x400 
                0x0000000020000908                . = ALIGN (0x8)

/DISCARD/
 libc.a(*)
 libm.a(*)
 libgcc.a(*)

.ARM.attributes
                0x0000000000000000       0x30
 *(.ARM.attributes)
 .ARM.attributes
                0x0000000000000000       0x1e /home/maciej/st/stm32cubeide_1.9.0_2/plugins/com.st.stm32cube.ide.mcu.externaltools.gnu-tools-for-stm32.10.3-2021.10.linux64_1.0.0.202111181127/tools/bin/../lib/gcc/arm-none-eabi/10.3.1/thumb/v7e-m+fp/hard/crti.o
 .ARM.attributes
                0x000000000000001e       0x34 /home/maciej/st/stm32cubeide_1.9.0_2/plugins/com.st.stm32cube.ide.mcu.externaltools.gnu-tools-for-stm32.10.3-2021.10.linux64_1.0.0.202111181127/tools/bin/../lib/gcc/arm-none-eabi/10.3.1/thumb/v7e-m+fp/hard/crtbegin.o
 .ARM.attributes
                0x0000000000000052       0x34 ./Core/Src/control_motro.o
 .ARM.attributes
                0x0000000000000086       0x34 ./Core/Src/dma.o
 .ARM.attributes
                0x00000000000000ba       0x34 ./Core/Src/gpio.o
 .ARM.attributes
                0x00000000000000ee       0x34 ./Core/Src/main.o
 .ARM.attributes
                0x0000000000000122       0x34 ./Core/Src/pid.o
 .ARM.attributes
                0x0000000000000156       0x34 ./Core/Src/stm32l4xx_hal_msp.o
 .ARM.attributes
                0x000000000000018a       0x34 ./Core/Src/stm32l4xx_it.o
 .ARM.attributes
                0x00000000000001be       0x34 ./Core/Src/system_stm32l4xx.o
 .ARM.attributes
                0x00000000000001f2       0x34 ./Core/Src/tim.o
 .ARM.attributes
                0x0000000000000226       0x34 ./Core/Src/usart.o
 .ARM.attributes
                0x000000000000025a       0x21 ./Core/Startup/startup_stm32l476vgtx.o
 .ARM.attributes
                0x000000000000027b       0x34 ./Drivers/STM32L4xx_HAL_Driver/Src/stm32l4xx_hal.o
 .ARM.attributes
                0x00000000000002af       0x34 ./Drivers/STM32L4xx_HAL_Driver/Src/stm32l4xx_hal_cortex.o
 .ARM.attributes
                0x00000000000002e3       0x34 ./Drivers/STM32L4xx_HAL_Driver/Src/stm32l4xx_hal_dma.o
 .ARM.attributes
                0x0000000000000317       0x34 ./Drivers/STM32L4xx_HAL_Driver/Src/stm32l4xx_hal_gpio.o
 .ARM.attributes
                0x000000000000034b       0x34 ./Drivers/STM32L4xx_HAL_Driver/Src/stm32l4xx_hal_pwr_ex.o
 .ARM.attributes
                0x000000000000037f       0x34 ./Drivers/STM32L4xx_HAL_Driver/Src/stm32l4xx_hal_rcc.o
 .ARM.attributes
                0x00000000000003b3       0x34 ./Drivers/STM32L4xx_HAL_Driver/Src/stm32l4xx_hal_rcc_ex.o
 .ARM.attributes
                0x00000000000003e7       0x34 ./Drivers/STM32L4xx_HAL_Driver/Src/stm32l4xx_hal_tim.o
 .ARM.attributes
                0x000000000000041b       0x34 ./Drivers/STM32L4xx_HAL_Driver/Src/stm32l4xx_hal_tim_ex.o
 .ARM.attributes
                0x000000000000044f       0x34 ./Drivers/STM32L4xx_HAL_Driver/Src/stm32l4xx_hal_uart.o
 .ARM.attributes
                0x0000000000000483       0x34 ./Drivers/STM32L4xx_HAL_Driver/Src/stm32l4xx_hal_uart_ex.o
 .ARM.attributes
                0x00000000000004b7       0x34 /home/maciej/st/stm32cubeide_1.9.0_2/plugins/com.st.stm32cube.ide.mcu.externaltools.gnu-tools-for-stm32.10.3-2021.10.linux64_1.0.0.202111181127/tools/bin/../lib/gcc/arm-none-eabi/10.3.1/../../../../arm-none-eabi/lib/thumb/v7e-m+fp/hard/libc_nano.a(lib_a-init.o)
 .ARM.attributes
                0x00000000000004eb       0x34 /home/maciej/st/stm32cubeide_1.9.0_2/plugins/com.st.stm32cube.ide.mcu.externaltools.gnu-tools-for-stm32.10.3-2021.10.linux64_1.0.0.202111181127/tools/bin/../lib/gcc/arm-none-eabi/10.3.1/../../../../arm-none-eabi/lib/thumb/v7e-m+fp/hard/libc_nano.a(lib_a-memset.o)
 .ARM.attributes
                0x000000000000051f       0x1e /home/maciej/st/stm32cubeide_1.9.0_2/plugins/com.st.stm32cube.ide.mcu.externaltools.gnu-tools-for-stm32.10.3-2021.10.linux64_1.0.0.202111181127/tools/bin/../lib/gcc/arm-none-eabi/10.3.1/thumb/v7e-m+fp/hard/libgcc.a(_aeabi_uldivmod.o)
 .ARM.attributes
                0x000000000000053d       0x34 /home/maciej/st/stm32cubeide_1.9.0_2/plugins/com.st.stm32cube.ide.mcu.externaltools.gnu-tools-for-stm32.10.3-2021.10.linux64_1.0.0.202111181127/tools/bin/../lib/gcc/arm-none-eabi/10.3.1/thumb/v7e-m+fp/hard/libgcc.a(_udivmoddi4.o)
 .ARM.attributes
                0x0000000000000571       0x1e /home/maciej/st/stm32cubeide_1.9.0_2/plugins/com.st.stm32cube.ide.mcu.externaltools.gnu-tools-for-stm32.10.3-2021.10.linux64_1.0.0.202111181127/tools/bin/../lib/gcc/arm-none-eabi/10.3.1/thumb/v7e-m+fp/hard/libgcc.a(_dvmd_tls.o)
 .ARM.attributes
                0x000000000000058f       0x1e /home/maciej/st/stm32cubeide_1.9.0_2/plugins/com.st.stm32cube.ide.mcu.externaltools.gnu-tools-for-stm32.10.3-2021.10.linux64_1.0.0.202111181127/tools/bin/../lib/gcc/arm-none-eabi/10.3.1/thumb/v7e-m+fp/hard/crtn.o
OUTPUT(Manipulator_MTS_STM.elf elf32-littlearm)
LOAD linker stubs
LOAD /home/maciej/st/stm32cubeide_1.9.0_2/plugins/com.st.stm32cube.ide.mcu.externaltools.gnu-tools-for-stm32.10.3-2021.10.linux64_1.0.0.202111181127/tools/bin/../lib/gcc/arm-none-eabi/10.3.1/../../../../arm-none-eabi/lib/thumb/v7e-m+fp/hard/libc.a
LOAD /home/maciej/st/stm32cubeide_1.9.0_2/plugins/com.st.stm32cube.ide.mcu.externaltools.gnu-tools-for-stm32.10.3-2021.10.linux64_1.0.0.202111181127/tools/bin/../lib/gcc/arm-none-eabi/10.3.1/../../../../arm-none-eabi/lib/thumb/v7e-m+fp/hard/libm.a
LOAD /home/maciej/st/stm32cubeide_1.9.0_2/plugins/com.st.stm32cube.ide.mcu.externaltools.gnu-tools-for-stm32.10.3-2021.10.linux64_1.0.0.202111181127/tools/bin/../lib/gcc/arm-none-eabi/10.3.1/thumb/v7e-m+fp/hard/libgcc.a

.comment        0x0000000000000000       0x50
 .comment       0x0000000000000000       0x50 ./Core/Src/control_motro.o
                                         0x51 (size before relaxing)
 .comment       0x0000000000000050       0x51 ./Core/Src/dma.o
 .comment       0x0000000000000050       0x51 ./Core/Src/gpio.o
 .comment       0x0000000000000050       0x51 ./Core/Src/main.o
 .comment       0x0000000000000050       0x51 ./Core/Src/pid.o
 .comment       0x0000000000000050       0x51 ./Core/Src/stm32l4xx_hal_msp.o
 .comment       0x0000000000000050       0x51 ./Core/Src/stm32l4xx_it.o
 .comment       0x0000000000000050       0x51 ./Core/Src/system_stm32l4xx.o
 .comment       0x0000000000000050       0x51 ./Core/Src/tim.o
 .comment       0x0000000000000050       0x51 ./Core/Src/usart.o
 .comment       0x0000000000000050       0x51 ./Drivers/STM32L4xx_HAL_Driver/Src/stm32l4xx_hal.o
 .comment       0x0000000000000050       0x51 ./Drivers/STM32L4xx_HAL_Driver/Src/stm32l4xx_hal_cortex.o
 .comment       0x0000000000000050       0x51 ./Drivers/STM32L4xx_HAL_Driver/Src/stm32l4xx_hal_dma.o
 .comment       0x0000000000000050       0x51 ./Drivers/STM32L4xx_HAL_Driver/Src/stm32l4xx_hal_gpio.o
 .comment       0x0000000000000050       0x51 ./Drivers/STM32L4xx_HAL_Driver/Src/stm32l4xx_hal_pwr_ex.o
 .comment       0x0000000000000050       0x51 ./Drivers/STM32L4xx_HAL_Driver/Src/stm32l4xx_hal_rcc.o
 .comment       0x0000000000000050       0x51 ./Drivers/STM32L4xx_HAL_Driver/Src/stm32l4xx_hal_rcc_ex.o
 .comment       0x0000000000000050       0x51 ./Drivers/STM32L4xx_HAL_Driver/Src/stm32l4xx_hal_tim.o
 .comment       0x0000000000000050       0x51 ./Drivers/STM32L4xx_HAL_Driver/Src/stm32l4xx_hal_tim_ex.o
 .comment       0x0000000000000050       0x51 ./Drivers/STM32L4xx_HAL_Driver/Src/stm32l4xx_hal_uart.o
 .comment       0x0000000000000050       0x51 ./Drivers/STM32L4xx_HAL_Driver/Src/stm32l4xx_hal_uart_ex.o

.debug_frame    0x0000000000000000       0xac
 .debug_frame   0x0000000000000000       0x2c /home/maciej/st/stm32cubeide_1.9.0_2/plugins/com.st.stm32cube.ide.mcu.externaltools.gnu-tools-for-stm32.10.3-2021.10.linux64_1.0.0.202111181127/tools/bin/../lib/gcc/arm-none-eabi/10.3.1/../../../../arm-none-eabi/lib/thumb/v7e-m+fp/hard/libc_nano.a(lib_a-init.o)
 .debug_frame   0x000000000000002c       0x20 /home/maciej/st/stm32cubeide_1.9.0_2/plugins/com.st.stm32cube.ide.mcu.externaltools.gnu-tools-for-stm32.10.3-2021.10.linux64_1.0.0.202111181127/tools/bin/../lib/gcc/arm-none-eabi/10.3.1/../../../../arm-none-eabi/lib/thumb/v7e-m+fp/hard/libc_nano.a(lib_a-memset.o)
 .debug_frame   0x000000000000004c       0x2c /home/maciej/st/stm32cubeide_1.9.0_2/plugins/com.st.stm32cube.ide.mcu.externaltools.gnu-tools-for-stm32.10.3-2021.10.linux64_1.0.0.202111181127/tools/bin/../lib/gcc/arm-none-eabi/10.3.1/thumb/v7e-m+fp/hard/libgcc.a(_aeabi_uldivmod.o)
 .debug_frame   0x0000000000000078       0x34 /home/maciej/st/stm32cubeide_1.9.0_2/plugins/com.st.stm32cube.ide.mcu.externaltools.gnu-tools-for-stm32.10.3-2021.10.linux64_1.0.0.202111181127/tools/bin/../lib/gcc/arm-none-eabi/10.3.1/thumb/v7e-m+fp/hard/libgcc.a(_udivmoddi4.o)
