../Core/Src/control_motro.c:19:6:motorA_init	16	static
../Core/Src/control_motro.c:28:6:motorA_structInit	16	static
../Core/Src/control_motro.c:37:5:motorA_setDirection	16	static
../Core/Src/control_motro.c:54:6:motorA_setSpeed	16	static
../Core/Src/control_motro.c:73:6:motorA_stop	8	static
../Core/Src/control_motro.c:82:6:motorB_init	16	static
../Core/Src/control_motro.c:91:6:motorB_structInit	16	static
../Core/Src/control_motro.c:100:5:motorB_setDirection	16	static
../Core/Src/control_motro.c:117:6:motorB_setSpeed	16	static
../Core/Src/control_motro.c:136:6:motorB_stop	8	static
../Core/Src/control_motro.c:145:6:servo_init	16	static
../Core/Src/control_motro.c:155:6:servo_move	24	static
