../Core/Src/main.c:81:5:_write	24	static
../Core/Src/main.c:86:6:menu	8	static
../Core/Src/main.c:97:6:motorA_Direction	16	static
../Core/Src/main.c:109:6:motorB_Direction	16	static
../Core/Src/main.c:121:6:motorA_move	16	static
../Core/Src/main.c:138:6:motorB_move	16	static
../Core/Src/main.c:155:6:motorA_stopMotor	8	static
../Core/Src/main.c:161:6:motorB_stopMotor	8	static
../Core/Src/main.c:169:6:servo_moveAngel	24	static
../Core/Src/main.c:200:5:main	16	static
../Core/Src/main.c:312:6:SystemClock_Config	96	static
../Core/Src/main.c:359:6:HAL_UART_RxCpltCallback	16	static
../Core/Src/main.c:372:6:Error_Handler	4	static,ignoring_inline_asm
