../Core/Src/main.c:80:5:_write	24	static
../Core/Src/main.c:85:6:menu	8	static
../Core/Src/main.c:96:6:motorA_Direction	16	static
../Core/Src/main.c:108:6:motorB_Direction	16	static
../Core/Src/main.c:120:6:motorA_move	16	static
../Core/Src/main.c:137:6:motorB_move	16	static
../Core/Src/main.c:154:6:motorA_stopMotor	8	static
../Core/Src/main.c:160:6:motorB_stopMotor	8	static
../Core/Src/main.c:168:6:servo_moveAngel	24	static
../Core/Src/main.c:198:5:main	16	static
../Core/Src/main.c:306:6:SystemClock_Config	96	static
../Core/Src/main.c:353:6:HAL_UART_RxCpltCallback	16	static
../Core/Src/main.c:363:6:Error_Handler	4	static,ignoring_inline_asm
