../Core/Src/tim.c:103:6:MX_TIM2_Init	56	static
../Core/Src/tim.c:147:6:MX_TIM4_Init	56	static
../Core/Src/tim.c:191:6:MX_TIM6_Init	24	static
../Core/Src/tim.c:284:6:HAL_TIM_PWM_MspInit	16	static
../Core/Src/tim.c:319:6:HAL_TIM_Encoder_MspInit	48	static
../Core/Src/tim.c:379:6:HAL_TIM_Base_MspInit	16	static
../Core/Src/tim.c:398:6:HAL_TIM_MspPostInit	40	static
../Core/Src/tim.c:34:6:MX_TIM1_Init	96	static
../Core/Src/tim.c:224:6:MX_TIM15_Init	96	static
../Core/Src/tim.c:447:6:HAL_TIM_PWM_MspDeInit	0	static
../Core/Src/tim.c:494:6:HAL_TIM_Encoder_MspDeInit	8	static
../Core/Src/tim.c:539:6:HAL_TIM_Base_MspDeInit	0	static
